/multistream/1.0.0
!
["/dogs/0.1.0","/cats/1.2.11"]
na
/dogs/0.1.0
